rm -f results.xml
"make" -f makefile results.xml
make[1]: Entering directory '/mnt/d/UT.CE/Term-06/HW4AI/HW-CA/HW10'
/usr/local/bin/verilator -cc --exe -Mdir build --top-module cluster_wrapper_bit_serial -Ihardware/include --timescale 1ns/1ps --vpi --public-flat-rw --prefix Vtop -o Vtop -LDFLAGS "-Wl,-rpath,/home/mohammad-khoshroo/.local/lib/python3.12/site-packages/cocotb/libs -L/home/mohammad-khoshroo/.local/lib/python3.12/site-packages/cocotb/libs -lcocotbvpi_verilator" --trace --timing -Wno-ASCRANGE -Wno-WIDTHEXPAND -Wno-WIDTHTRUNC -Wno-CASEINCOMPLETE -Wno-COMBDLY -Wno-LATCH -Wno-UNOPTFLAT hardware/src/axi4-interface/config/Axi4_config_mlp_v1_0.v hardware/src/axi4-interface/config/Axi4_config_mlp_v1_0_S00_AXI.v hardware/src/axi4-interface/input-weight-rams/Axi4_input_weight_brams_v1_0.v hardware/src/axi4-interface/input-weight-rams/Axi4_input_weight_brams_v1_0_S00_AXI.v hardware/src/axi4-interface/register-array/Axi4_register_array_v1_0.v hardware/src/axi4-interface/register-array/Axi4_register_array_v1_0_S00_AXI.v hardware/src/Cluster/cluster_ctrl.v hardware/src/Cluster/cluster_dp.v hardware/src/Cluster/cluster_top.v hardware/src/Cluster-bit-serial/cluster_ctrl_serial.v hardware/src/Cluster-bit-serial/cluster_dp_serial.v hardware/src/Cluster-bit-serial/cluster_top_serial.v hardware/src/Cluster-bit-sparsity/cluster_ctrl_sparsity.v hardware/src/Cluster-bit-sparsity/cluster_dp_sparsity.v hardware/src/Cluster-bit-sparsity/cluster_top_sparsity.v hardware/src/Cluster-wrapper/cluster_wrapper.v hardware/src/Cluster-wrapper/cluster_wrapper_bit_serial.v hardware/src/Cluster-wrapper/cluster_wrapper_bit_sparsity.v hardware/src/utils/bram_sp.v hardware/src/utils/mull_add.v hardware/src/utils/stripes.v /home/mohammad-khoshroo/.local/lib/python3.12/site-packages/cocotb/share/lib/verilator/verilator.cpp
- V e r i l a t i o n   R e p o r t: Verilator 5.050 2026-07-01 rev v5.050-60-g3d2421f3b
- Verilator: Built from 2.002 MB sources in 19 modules, into 2.993 MB in 13 C++ files needing 0.000 MB
- Verilator: Walltime 0.736 s (elab=0.018, cvt=0.219, bld=0.000); cpu 0.236 s on 1 threads; allocated 49.719 MB
make -C build  -f Vtop.mk
make[2]: Entering directory '/mnt/d/UT.CE/Term-06/HW4AI/HW-CA/HW10/build'
make[2]: Warning: File 'Vtop__ver.d' has modification time 0.18 s in the future
ccache g++  -I.  -MMD -I/usr/local/share/verilator/include -I/usr/local/share/verilator/include/vltstd -DVERILATOR=1 -DVM_COVERAGE=0 -DVM_SC=0 -DVM_TIMING=0 -DVM_TRACE=1 -DVM_TRACE_FST=0 -DVM_TRACE_VCD=1 -DVM_TRACE_SAIF=0 -DVM_VPI=1 -faligned-new -fcf-protection=none -Wno-bool-operation -Wno-int-in-bool-context -Wno-shadow -Wno-sign-compare -Wno-subobject-linkage -Wno-tautological-compare -Wno-uninitialized -Wno-unused-but-set-parameter -Wno-unused-but-set-variable -Wno-unused-parameter -Wno-unused-variable      -Os  -c -o verilator.o /home/mohammad-khoshroo/.local/lib/python3.12/site-packages/cocotb/share/lib/verilator/verilator.cpp
ccache g++ -Os  -I.  -MMD -I/usr/local/share/verilator/include -I/usr/local/share/verilator/include/vltstd -DVERILATOR=1 -DVM_COVERAGE=0 -DVM_SC=0 -DVM_TIMING=0 -DVM_TRACE=1 -DVM_TRACE_FST=0 -DVM_TRACE_VCD=1 -DVM_TRACE_SAIF=0 -DVM_VPI=1 -faligned-new -fcf-protection=none -Wno-bool-operation -Wno-int-in-bool-context -Wno-shadow -Wno-sign-compare -Wno-subobject-linkage -Wno-tautological-compare -Wno-uninitialized -Wno-unused-but-set-parameter -Wno-unused-but-set-variable -Wno-unused-parameter -Wno-unused-variable      -c -o verilated.o /usr/local/share/verilator/include/verilated.cpp
ccache g++ -Os  -I.  -MMD -I/usr/local/share/verilator/include -I/usr/local/share/verilator/include/vltstd -DVERILATOR=1 -DVM_COVERAGE=0 -DVM_SC=0 -DVM_TIMING=0 -DVM_TRACE=1 -DVM_TRACE_FST=0 -DVM_TRACE_VCD=1 -DVM_TRACE_SAIF=0 -DVM_VPI=1 -faligned-new -fcf-protection=none -Wno-bool-operation -Wno-int-in-bool-context -Wno-shadow -Wno-sign-compare -Wno-subobject-linkage -Wno-tautological-compare -Wno-uninitialized -Wno-unused-but-set-parameter -Wno-unused-but-set-variable -Wno-unused-parameter -Wno-unused-variable      -c -o verilated_dpi.o /usr/local/share/verilator/include/verilated_dpi.cpp
ccache g++ -Os  -I.  -MMD -I/usr/local/share/verilator/include -I/usr/local/share/verilator/include/vltstd -DVERILATOR=1 -DVM_COVERAGE=0 -DVM_SC=0 -DVM_TIMING=0 -DVM_TRACE=1 -DVM_TRACE_FST=0 -DVM_TRACE_VCD=1 -DVM_TRACE_SAIF=0 -DVM_VPI=1 -faligned-new -fcf-protection=none -Wno-bool-operation -Wno-int-in-bool-context -Wno-shadow -Wno-sign-compare -Wno-subobject-linkage -Wno-tautological-compare -Wno-uninitialized -Wno-unused-but-set-parameter -Wno-unused-but-set-variable -Wno-unused-parameter -Wno-unused-variable      -c -o verilated_vpi.o /usr/local/share/verilator/include/verilated_vpi.cpp
ccache g++ -Os  -I.  -MMD -I/usr/local/share/verilator/include -I/usr/local/share/verilator/include/vltstd -DVERILATOR=1 -DVM_COVERAGE=0 -DVM_SC=0 -DVM_TIMING=0 -DVM_TRACE=1 -DVM_TRACE_FST=0 -DVM_TRACE_VCD=1 -DVM_TRACE_SAIF=0 -DVM_VPI=1 -faligned-new -fcf-protection=none -Wno-bool-operation -Wno-int-in-bool-context -Wno-shadow -Wno-sign-compare -Wno-subobject-linkage -Wno-tautological-compare -Wno-uninitialized -Wno-unused-but-set-parameter -Wno-unused-but-set-variable -Wno-unused-parameter -Wno-unused-variable      -c -o verilated_vcd_c.o /usr/local/share/verilator/include/verilated_vcd_c.cpp
ccache g++ -Os  -I.  -MMD -I/usr/local/share/verilator/include -I/usr/local/share/verilator/include/vltstd -DVERILATOR=1 -DVM_COVERAGE=0 -DVM_SC=0 -DVM_TIMING=0 -DVM_TRACE=1 -DVM_TRACE_FST=0 -DVM_TRACE_VCD=1 -DVM_TRACE_SAIF=0 -DVM_VPI=1 -faligned-new -fcf-protection=none -Wno-bool-operation -Wno-int-in-bool-context -Wno-shadow -Wno-sign-compare -Wno-subobject-linkage -Wno-tautological-compare -Wno-uninitialized -Wno-unused-but-set-parameter -Wno-unused-but-set-variable -Wno-unused-parameter -Wno-unused-variable      -c -o verilated_threads.o /usr/local/share/verilator/include/verilated_threads.cpp
python3 /usr/local/share/verilator/bin/verilator_includer -DVL_INCLUDE_OPT=include Vtop.cpp Vtop___024root__0.cpp Vtop_Stripes__N1_W8_M8_A20__0.cpp Vtop__Dpi.cpp Vtop__Trace__0.cpp Vtop__ConstPool__0__Slow.cpp Vtop___024root__Slow.cpp Vtop___024root__0__Slow.cpp Vtop_Stripes__N1_W8_M8_A20__Slow.cpp Vtop_Stripes__N1_W8_M8_A20__0__Slow.cpp Vtop__Syms__Slow.cpp Vtop__Trace__0__Slow.cpp Vtop__TraceDecls__0__Slow.cpp > Vtop__ALL.cpp
ccache g++ -Os  -I.  -MMD -I/usr/local/share/verilator/include -I/usr/local/share/verilator/include/vltstd -DVERILATOR=1 -DVM_COVERAGE=0 -DVM_SC=0 -DVM_TIMING=0 -DVM_TRACE=1 -DVM_TRACE_FST=0 -DVM_TRACE_VCD=1 -DVM_TRACE_SAIF=0 -DVM_VPI=1 -faligned-new -fcf-protection=none -Wno-bool-operation -Wno-int-in-bool-context -Wno-shadow -Wno-sign-compare -Wno-subobject-linkage -Wno-tautological-compare -Wno-uninitialized -Wno-unused-but-set-parameter -Wno-unused-but-set-variable -Wno-unused-parameter -Wno-unused-variable      -c -o Vtop__ALL.o Vtop__ALL.cpp
g++    -rdynamic verilator.o verilated.o verilated_dpi.o verilated_vpi.o verilated_vcd_c.o verilated_threads.o Vtop__ALL.a   -Wl,-rpath,/home/mohammad-khoshroo/.local/lib/python3.12/site-packages/cocotb/libs -L/home/mohammad-khoshroo/.local/lib/python3.12/site-packages/cocotb/libs -lcocotbvpi_verilator  -pthread -lpthread -latomic -ldl   -o Vtop
make[2]: warning:  Clock skew detected.  Your build may be incomplete.
rm Vtop__ALL.verilator_deplist.tmp
make[2]: Leaving directory '/mnt/d/UT.CE/Term-06/HW4AI/HW-CA/HW10/build'
rm -f results.xml
COCOTB_TEST_MODULES=test_bench COCOTB_TESTCASE= COCOTB_TEST_FILTER= COCOTB_TOPLEVEL=cluster_wrapper_bit_serial TOPLEVEL_LANG=verilog \
         build/Vtop  --trace --timing -Wno-ASCRANGE -Wno-WIDTHEXPAND -Wno-WIDTHTRUNC -Wno-CASEINCOMPLETE -Wno-COMBDLY -Wno-LATCH -Wno-UNOPTFLAT   
     -.--ns INFO     gpi                                ..mbed/gpi_embed.cpp:93   in _embed_init_python              Using Python 3.12.4 interpreter at /usr/bin/python3
     -.--ns INFO     gpi                                ../gpi/GpiCommon.cpp:79   in gpi_print_registered_impl       VPI registered
     0.00ns INFO     cocotb                             Running on Verilator version 5.050 2026-07-01
     0.00ns INFO     cocotb                             Seeding Python random module with 1785088172
     0.00ns INFO     cocotb                             Initialized cocotb v2.0.1 from /home/mohammad-khoshroo/.local/lib/python3.12/site-packages/cocotb
     0.00ns INFO     cocotb                             Running tests
     0.00ns INFO     cocotb.regression                  running test_bench.test_conv2d_layer (1/2)
                                                            Test QuantConv2d layer with padding and bias against Golden Model.
     0.00ns WARNING  py.warnings                        /mnt/d/UT.CE/Term-06/HW4AI/HW-CA/HW10/test_bench.py:29: DeprecationWarning: The 'units' argument has been renamed to 'unit'.
                                                          await cocotb.start(Clock(dut.s00_axi_aclk, axi_duty, units="ps").start()) # pyright: ignore[reportArgumentType]
     0.00ns WARNING  py.warnings                        /mnt/d/UT.CE/Term-06/HW4AI/HW-CA/HW10/test_bench.py:29: DeprecationWarning: Use ``cocotb.start_soon`` instead.
                                                          await cocotb.start(Clock(dut.s00_axi_aclk, axi_duty, units="ps").start()) # pyright: ignore[reportArgumentType]
     0.00ns WARNING  py.warnings                        /mnt/d/UT.CE/Term-06/HW4AI/HW-CA/HW10/test_bench.py:30: DeprecationWarning: The 'units' argument has been renamed to 'unit'.
                                                          await cocotb.start(Clock(dut.s01_axi_aclk, axi_duty, units="ps").start()) # pyright: ignore[reportArgumentType]
     0.00ns WARNING  py.warnings                        /mnt/d/UT.CE/Term-06/HW4AI/HW-CA/HW10/test_bench.py:30: DeprecationWarning: Use ``cocotb.start_soon`` instead.
                                                          await cocotb.start(Clock(dut.s01_axi_aclk, axi_duty, units="ps").start()) # pyright: ignore[reportArgumentType]
     0.00ns WARNING  py.warnings                        /mnt/d/UT.CE/Term-06/HW4AI/HW-CA/HW10/test_bench.py:31: DeprecationWarning: The 'units' argument has been renamed to 'unit'.
                                                          await cocotb.start(Clock(dut.s02_axi_aclk, axi_duty, units="ps").start()) # pyright: ignore[reportArgumentType]
     0.00ns WARNING  py.warnings                        /mnt/d/UT.CE/Term-06/HW4AI/HW-CA/HW10/test_bench.py:31: DeprecationWarning: Use ``cocotb.start_soon`` instead.
                                                          await cocotb.start(Clock(dut.s02_axi_aclk, axi_duty, units="ps").start()) # pyright: ignore[reportArgumentType]
     0.00ns WARNING  py.warnings                        /mnt/d/UT.CE/Term-06/HW4AI/HW-CA/HW10/test_bench.py:32: DeprecationWarning: The 'units' argument has been renamed to 'unit'.
                                                          await cocotb.start(Clock(dut.logic_clk,  logic_duty, units="ps").start()) # pyright: ignore[reportArgumentType]
     0.00ns WARNING  py.warnings                        /mnt/d/UT.CE/Term-06/HW4AI/HW-CA/HW10/test_bench.py:32: DeprecationWarning: Use ``cocotb.start_soon`` instead.
                                                          await cocotb.start(Clock(dut.logic_clk,  logic_duty, units="ps").start()) # pyright: ignore[reportArgumentType]
     0.00ns WARNING  py.warnings                        /mnt/d/UT.CE/Term-06/HW4AI/HW-CA/HW10/test_bench.py:38: DeprecationWarning: The 'units' argument has been renamed to 'unit'.
                                                          await Timer(100, units="ns") # pyright: ignore[reportArgumentType]
   100.00ns WARNING  py.warnings                        /mnt/d/UT.CE/Term-06/HW4AI/HW-CA/HW10/test_bench.py:44: DeprecationWarning: The 'units' argument has been renamed to 'unit'.
                                                          await Timer(200, units="ns") # pyright: ignore[reportArgumentType]
   300.00ns WARNING  py.warnings                        /mnt/d/UT.CE/Term-06/HW4AI/HW-CA/HW10/test_bench.py:73: DeprecationWarning: The 'units' argument has been renamed to 'unit'.
                                                          start_time = get_sim_time(units="ns") # pyright: ignore[reportArgumentType]
   300.00ns WARNING  py.warnings                        /home/mohammad-khoshroo/.local/lib/python3.12/site-packages/cocotbext/axi/stream.py:120: DeprecationWarning: Use `handle.set(Immediate(...))` or `handle.value = Immediate(...)` instead.
                                                          self.valid.setimmediatevalue(self._valid_init)
   300.00ns WARNING  py.warnings                        /home/mohammad-khoshroo/.local/lib/python3.12/site-packages/cocotbext/axi/stream.py:133: DeprecationWarning: Use `handle.set(Immediate(...))` or `handle.value = Immediate(...)` instead.
                                                          s.setimmediatevalue(v)
   300.00ns WARNING  py.warnings                        /home/mohammad-khoshroo/.local/lib/python3.12/site-packages/cocotbext/axi/stream.py:115: DeprecationWarning: Use `handle.set(Immediate(...))` or `handle.value = Immediate(...)` instead.
                                                          self.ready.setimmediatevalue(self._ready_init)
   300.00ns WARNING  py.warnings                        /home/mohammad-khoshroo/.local/lib/python3.12/site-packages/cocotbext/axi/reset.py:59: DeprecationWarning: Use `signal.value_change` instead.
                                                          await Edge(reset_signal)
   300.35ns WARNING  py.warnings                        /home/mohammad-khoshroo/.local/lib/python3.12/site-packages/cocotbext/axi/axi_master.py:630: DeprecationWarning: The data field will be removed in a future release.
                                                          cmd.event.set(write_resp)
   300.35ns WARNING  py.warnings                        /home/mohammad-khoshroo/.local/lib/python3.12/site-packages/cocotbext/axi/axi_master.py:423: DeprecationWarning: The data field will be removed in a future release.
                                                          return event.data
   301.57ns WARNING  py.warnings                        /home/mohammad-khoshroo/.local/lib/python3.12/site-packages/cocotbext/axi/axi_master.py:1030: DeprecationWarning: The data field will be removed in a future release.
                                                          cmd.event.set(read_resp)
   301.57ns WARNING  py.warnings                        /home/mohammad-khoshroo/.local/lib/python3.12/site-packages/cocotbext/axi/axi_master.py:834: DeprecationWarning: The data field will be removed in a future release.
                                                          return event.data
   301.57ns WARNING  py.warnings                        /mnt/d/UT.CE/Term-06/HW4AI/HW-CA/HW10/system.py:88: DeprecationWarning: The 'units' argument has been renamed to 'unit'.
                                                          await Timer(10, units='ns') # pyright: ignore[reportArgumentType]
 12628.31ns WARNING  py.warnings                        /mnt/d/UT.CE/Term-06/HW4AI/HW-CA/HW10/test_bench.py:78: DeprecationWarning: The 'units' argument has been renamed to 'unit'.
                                                          end_time = get_sim_time(units="ns") # pyright: ignore[reportArgumentType]

--- Conv2d Golden Output Sample ---
tensor([-0.1435, -0.1537, -0.1684, -0.1676, -0.1908], grad_fn=<SliceBackward0>)
--- Conv2d Hardware Output Sample ---
tensor([-0.1563, -0.1537, -0.1633, -0.1625, -0.1761], grad_fn=<SliceBackward0>)
 12628.31ns WARNING  ..t_conv2d_layer.test_conv2d_layer Conv2d Hardware output does not match golden output!
                                                        assert False
                                                         +  where False = <built-in method allclose of type object at 0x7fa351348980>(tensor([[[[-0.1563, -0.1537, -0.1633, -0.1625, -0.1761, -0.2092, -0.1802,\n           -0.1911],\n          [-0.1550, -0....        [ 0.1326,  0.1146,  0.1102,  0.1653,  0.1347,  0.1164,  0.1046,\n            0.1151]]]], grad_fn=<AddBackward0>), tensor([[[[-1.4353e-01, -1.5367e-01, -1.6838e-01, -1.6759e-01, -1.9084e-01,\n           -2.5268e-01, -1.7373e-01, -2.19...2,  9.1532e-02,  2.0238e-01,  1.7358e-01,\n            1.0778e-01,  7.7729e-02,  1.0455e-01]]]], grad_fn=<AddBackward0>), atol=0.001, rtol=0.001)
                                                         +    where <built-in method allclose of type object at 0x7fa351348980> = torch.allclose
                                                        Traceback (most recent call last):
                                                          File "/mnt/d/UT.CE/Term-06/HW4AI/HW-CA/HW10/test_bench.py", line 87, in test_conv2d_layer
                                                            assert torch.allclose(hw_output, golden_output, atol=1e-3, rtol=1e-3), \
                                                        AssertionError: Conv2d Hardware output does not match golden output!
                                                        assert False
                                                         +  where False = <built-in method allclose of type object at 0x7fa351348980>(tensor([[[[-0.1563, -0.1537, -0.1633, -0.1625, -0.1761, -0.2092, -0.1802,\n           -0.1911],\n          [-0.1550, -0....        [ 0.1326,  0.1146,  0.1102,  0.1653,  0.1347,  0.1164,  0.1046,\n            0.1151]]]], grad_fn=<AddBackward0>), tensor([[[[-1.4353e-01, -1.5367e-01, -1.6838e-01, -1.6759e-01, -1.9084e-01,\n           -2.5268e-01, -1.7373e-01, -2.19...2,  9.1532e-02,  2.0238e-01,  1.7358e-01,\n            1.0778e-01,  7.7729e-02,  1.0455e-01]]]], grad_fn=<AddBackward0>), atol=0.001, rtol=0.001)
                                                         +    where <built-in method allclose of type object at 0x7fa351348980> = torch.allclose
 12628.31ns WARNING  cocotb.regression                  test_bench.test_conv2d_layer failed
 12628.31ns INFO     cocotb.regression                  running test_bench.test_linear_layer (2/2)
                                                            Test QuantLinear (MLP) layer with bias against Golden Model.
 12928.31ns WARNING  py.warnings                        /mnt/d/UT.CE/Term-06/HW4AI/HW-CA/HW10/test_bench.py:113: DeprecationWarning: The 'units' argument has been renamed to 'unit'.
                                                          start_time = get_sim_time(units="ns") # pyright: ignore[reportArgumentType]
 12997.72ns WARNING  py.warnings                        /mnt/d/UT.CE/Term-06/HW4AI/HW-CA/HW10/test_bench.py:118: DeprecationWarning: The 'units' argument has been renamed to 'unit'.
                                                          end_time = get_sim_time(units="ns") # pyright: ignore[reportArgumentType]

--- Linear Golden Output Sample ---
tensor([-0.0634,  0.0249,  0.0713, -0.1263,  0.0302], grad_fn=<SliceBackward0>)
--- Linear Hardware Output Sample ---
tensor([-0.0357, -0.0267,  0.0974, -0.1509,  0.0312], grad_fn=<SliceBackward0>)
 12997.72ns WARNING  ..t_linear_layer.test_linear_layer Linear Hardware output does not match golden output!
                                                        assert False
                                                         +  where False = <built-in method allclose of type object at 0x7fa351348980>(tensor([[-3.5676e-02, -2.6662e-02,  9.7357e-02, -1.5094e-01,  3.1189e-02,\n         -2.1189e-02, -1.5671e-02, -2.8742e-...3e-01, -1.2649e-01,  5.6307e-03,  2.4139e-02,  1.2415e-01,\n          1.6551e-02, -5.3384e-02]], grad_fn=<AddBackward0>), tensor([[-0.0634,  0.0249,  0.0713, -0.1263,  0.0302, -0.0165, -0.0285,  0.0422,\n         -0.0348, -0.0059,  0.0290,  ...0745,\n          0.0299,  0.1715, -0.1551, -0.0070,  0.0719,  0.1832, -0.0341, -0.0016]],\n       grad_fn=<AddBackward0>), atol=0.001, rtol=0.001)
                                                         +    where <built-in method allclose of type object at 0x7fa351348980> = torch.allclose
                                                        Traceback (most recent call last):
                                                          File "/mnt/d/UT.CE/Term-06/HW4AI/HW-CA/HW10/test_bench.py", line 127, in test_linear_layer
                                                            assert torch.allclose(hw_output, golden_output, atol=1e-3, rtol=1e-3), \
                                                        AssertionError: Linear Hardware output does not match golden output!
                                                        assert False
                                                         +  where False = <built-in method allclose of type object at 0x7fa351348980>(tensor([[-3.5676e-02, -2.6662e-02,  9.7357e-02, -1.5094e-01,  3.1189e-02,\n         -2.1189e-02, -1.5671e-02, -2.8742e-...3e-01, -1.2649e-01,  5.6307e-03,  2.4139e-02,  1.2415e-01,\n          1.6551e-02, -5.3384e-02]], grad_fn=<AddBackward0>), tensor([[-0.0634,  0.0249,  0.0713, -0.1263,  0.0302, -0.0165, -0.0285,  0.0422,\n         -0.0348, -0.0059,  0.0290,  ...0745,\n          0.0299,  0.1715, -0.1551, -0.0070,  0.0719,  0.1832, -0.0341, -0.0016]],\n       grad_fn=<AddBackward0>), atol=0.001, rtol=0.001)
                                                         +    where <built-in method allclose of type object at 0x7fa351348980> = torch.allclose
 12997.72ns WARNING  cocotb.regression                  test_bench.test_linear_layer failed
 12997.72ns INFO     cocotb.regression                  **************************************************************************************
                                                        ** TEST                          STATUS  SIM TIME (ns)  REAL TIME (s)  RATIO (ns/s) **
                                                        **************************************************************************************
                                                        ** test_bench.test_conv2d_layer   FAIL       12628.31          31.73        398.01  **
                                                        ** test_bench.test_linear_layer   FAIL         369.41           0.96        386.72  **
                                                        **************************************************************************************
                                                        ** TESTS=2 PASS=0 FAIL=2 SKIP=0              12997.72          32.70        397.53  **
                                                        **************************************************************************************
- :0: Verilog $finish
make[1]: *** [/home/mohammad-khoshroo/.local/lib/python3.12/site-packages/cocotb_tools/makefiles/simulators/Makefile.verilator:70: results.xml] Error 2
make[1]: Leaving directory '/mnt/d/UT.CE/Term-06/HW4AI/HW-CA/HW10'
make: *** [/home/mohammad-khoshroo/.local/lib/python3.12/site-packages/cocotb_tools/makefiles/Makefile.inc:17: sim] Error 2
