rm -f results.xml
"make" -f makefile results.xml
make[1]: Entering directory '/mnt/d/UT.CE/Term-06/HW4AI/HW-CA/HW10'
/usr/local/bin/verilator -cc --exe -Mdir build --top-module cluster_wrapper_bit_serial -Ihardware/include --timescale 1ns/1ps --vpi --public-flat-rw --prefix Vtop -o Vtop -LDFLAGS "-Wl,-rpath,/home/mohammad-khoshroo/.local/lib/python3.12/site-packages/cocotb/libs -L/home/mohammad-khoshroo/.local/lib/python3.12/site-packages/cocotb/libs -lcocotbvpi_verilator" --trace --timing -Wno-ASCRANGE -Wno-WIDTHEXPAND -Wno-WIDTHTRUNC -Wno-CASEINCOMPLETE -Wno-COMBDLY -Wno-LATCH -Wno-UNOPTFLAT hardware/src/axi4-interface/config/Axi4_config_mlp_v1_0.v hardware/src/axi4-interface/config/Axi4_config_mlp_v1_0_S00_AXI.v hardware/src/axi4-interface/input-weight-rams/Axi4_input_weight_brams_v1_0.v hardware/src/axi4-interface/input-weight-rams/Axi4_input_weight_brams_v1_0_S00_AXI.v hardware/src/axi4-interface/register-array/Axi4_register_array_v1_0.v hardware/src/axi4-interface/register-array/Axi4_register_array_v1_0_S00_AXI.v hardware/src/Cluster/cluster_ctrl.v hardware/src/Cluster/cluster_dp.v hardware/src/Cluster/cluster_top.v hardware/src/Cluster-bit-serial/cluster_ctrl_serial.v hardware/src/Cluster-bit-serial/cluster_dp_serial.v hardware/src/Cluster-bit-serial/cluster_top_serial.v hardware/src/Cluster-bit-sparsity/cluster_ctrl_sparsity.v hardware/src/Cluster-bit-sparsity/cluster_dp_sparsity.v hardware/src/Cluster-bit-sparsity/cluster_top_sparsity.v hardware/src/Cluster-wrapper/cluster_wrapper.v hardware/src/Cluster-wrapper/cluster_wrapper_bit_serial.v hardware/src/Cluster-wrapper/cluster_wrapper_bit_sparsity.v hardware/src/utils/bram_sp.v hardware/src/utils/mull_add.v hardware/src/utils/stripes.v /home/mohammad-khoshroo/.local/lib/python3.12/site-packages/cocotb/share/lib/verilator/verilator.cpp
- V e r i l a t i o n   R e p o r t: Verilator 5.050 2026-07-01 rev v5.050-60-g3d2421f3b
- Verilator: Built from 2.000 MB sources in 19 modules, into 3.302 MB in 11 C++ files needing 0.000 MB
- Verilator: Walltime 1.013 s (elab=0.019, cvt=0.276, bld=0.000); cpu 0.249 s on 1 threads; allocated 49.715 MB
make -C build  -f Vtop.mk
make[2]: Entering directory '/mnt/d/UT.CE/Term-06/HW4AI/HW-CA/HW10/build'
ccache g++  -I.  -MMD -I/usr/local/share/verilator/include -I/usr/local/share/verilator/include/vltstd -DVERILATOR=1 -DVM_COVERAGE=0 -DVM_SC=0 -DVM_TIMING=0 -DVM_TRACE=1 -DVM_TRACE_FST=0 -DVM_TRACE_VCD=1 -DVM_TRACE_SAIF=0 -DVM_VPI=1 -faligned-new -fcf-protection=none -Wno-bool-operation -Wno-int-in-bool-context -Wno-shadow -Wno-sign-compare -Wno-subobject-linkage -Wno-tautological-compare -Wno-uninitialized -Wno-unused-but-set-parameter -Wno-unused-but-set-variable -Wno-unused-parameter -Wno-unused-variable      -Os  -c -o verilator.o /home/mohammad-khoshroo/.local/lib/python3.12/site-packages/cocotb/share/lib/verilator/verilator.cpp
ccache g++ -Os  -I.  -MMD -I/usr/local/share/verilator/include -I/usr/local/share/verilator/include/vltstd -DVERILATOR=1 -DVM_COVERAGE=0 -DVM_SC=0 -DVM_TIMING=0 -DVM_TRACE=1 -DVM_TRACE_FST=0 -DVM_TRACE_VCD=1 -DVM_TRACE_SAIF=0 -DVM_VPI=1 -faligned-new -fcf-protection=none -Wno-bool-operation -Wno-int-in-bool-context -Wno-shadow -Wno-sign-compare -Wno-subobject-linkage -Wno-tautological-compare -Wno-uninitialized -Wno-unused-but-set-parameter -Wno-unused-but-set-variable -Wno-unused-parameter -Wno-unused-variable      -c -o verilated.o /usr/local/share/verilator/include/verilated.cpp
ccache g++ -Os  -I.  -MMD -I/usr/local/share/verilator/include -I/usr/local/share/verilator/include/vltstd -DVERILATOR=1 -DVM_COVERAGE=0 -DVM_SC=0 -DVM_TIMING=0 -DVM_TRACE=1 -DVM_TRACE_FST=0 -DVM_TRACE_VCD=1 -DVM_TRACE_SAIF=0 -DVM_VPI=1 -faligned-new -fcf-protection=none -Wno-bool-operation -Wno-int-in-bool-context -Wno-shadow -Wno-sign-compare -Wno-subobject-linkage -Wno-tautological-compare -Wno-uninitialized -Wno-unused-but-set-parameter -Wno-unused-but-set-variable -Wno-unused-parameter -Wno-unused-variable      -c -o verilated_dpi.o /usr/local/share/verilator/include/verilated_dpi.cpp
ccache g++ -Os  -I.  -MMD -I/usr/local/share/verilator/include -I/usr/local/share/verilator/include/vltstd -DVERILATOR=1 -DVM_COVERAGE=0 -DVM_SC=0 -DVM_TIMING=0 -DVM_TRACE=1 -DVM_TRACE_FST=0 -DVM_TRACE_VCD=1 -DVM_TRACE_SAIF=0 -DVM_VPI=1 -faligned-new -fcf-protection=none -Wno-bool-operation -Wno-int-in-bool-context -Wno-shadow -Wno-sign-compare -Wno-subobject-linkage -Wno-tautological-compare -Wno-uninitialized -Wno-unused-but-set-parameter -Wno-unused-but-set-variable -Wno-unused-parameter -Wno-unused-variable      -c -o verilated_vpi.o /usr/local/share/verilator/include/verilated_vpi.cpp
ccache g++ -Os  -I.  -MMD -I/usr/local/share/verilator/include -I/usr/local/share/verilator/include/vltstd -DVERILATOR=1 -DVM_COVERAGE=0 -DVM_SC=0 -DVM_TIMING=0 -DVM_TRACE=1 -DVM_TRACE_FST=0 -DVM_TRACE_VCD=1 -DVM_TRACE_SAIF=0 -DVM_VPI=1 -faligned-new -fcf-protection=none -Wno-bool-operation -Wno-int-in-bool-context -Wno-shadow -Wno-sign-compare -Wno-subobject-linkage -Wno-tautological-compare -Wno-uninitialized -Wno-unused-but-set-parameter -Wno-unused-but-set-variable -Wno-unused-parameter -Wno-unused-variable      -c -o verilated_vcd_c.o /usr/local/share/verilator/include/verilated_vcd_c.cpp
ccache g++ -Os  -I.  -MMD -I/usr/local/share/verilator/include -I/usr/local/share/verilator/include/vltstd -DVERILATOR=1 -DVM_COVERAGE=0 -DVM_SC=0 -DVM_TIMING=0 -DVM_TRACE=1 -DVM_TRACE_FST=0 -DVM_TRACE_VCD=1 -DVM_TRACE_SAIF=0 -DVM_VPI=1 -faligned-new -fcf-protection=none -Wno-bool-operation -Wno-int-in-bool-context -Wno-shadow -Wno-sign-compare -Wno-subobject-linkage -Wno-tautological-compare -Wno-uninitialized -Wno-unused-but-set-parameter -Wno-unused-but-set-variable -Wno-unused-parameter -Wno-unused-variable      -c -o verilated_threads.o /usr/local/share/verilator/include/verilated_threads.cpp
ccache g++ -Os  -I.  -MMD -I/usr/local/share/verilator/include -I/usr/local/share/verilator/include/vltstd -DVERILATOR=1 -DVM_COVERAGE=0 -DVM_SC=0 -DVM_TIMING=0 -DVM_TRACE=1 -DVM_TRACE_FST=0 -DVM_TRACE_VCD=1 -DVM_TRACE_SAIF=0 -DVM_VPI=1 -faligned-new -fcf-protection=none -Wno-bool-operation -Wno-int-in-bool-context -Wno-shadow -Wno-sign-compare -Wno-subobject-linkage -Wno-tautological-compare -Wno-uninitialized -Wno-unused-but-set-parameter -Wno-unused-but-set-variable -Wno-unused-parameter -Wno-unused-variable      -x c++-header Vtop__pch.h -o Vtop__pch.h.fast.gch
ccache g++ -Os  -I.  -MMD -I/usr/local/share/verilator/include -I/usr/local/share/verilator/include/vltstd -DVERILATOR=1 -DVM_COVERAGE=0 -DVM_SC=0 -DVM_TIMING=0 -DVM_TRACE=1 -DVM_TRACE_FST=0 -DVM_TRACE_VCD=1 -DVM_TRACE_SAIF=0 -DVM_VPI=1 -faligned-new -fcf-protection=none -Wno-bool-operation -Wno-int-in-bool-context -Wno-shadow -Wno-sign-compare -Wno-subobject-linkage -Wno-tautological-compare -Wno-uninitialized -Wno-unused-but-set-parameter -Wno-unused-but-set-variable -Wno-unused-parameter -Wno-unused-variable      -include Vtop__pch.h.fast -c Vtop.cpp
ccache g++ -Os  -I.  -MMD -I/usr/local/share/verilator/include -I/usr/local/share/verilator/include/vltstd -DVERILATOR=1 -DVM_COVERAGE=0 -DVM_SC=0 -DVM_TIMING=0 -DVM_TRACE=1 -DVM_TRACE_FST=0 -DVM_TRACE_VCD=1 -DVM_TRACE_SAIF=0 -DVM_VPI=1 -faligned-new -fcf-protection=none -Wno-bool-operation -Wno-int-in-bool-context -Wno-shadow -Wno-sign-compare -Wno-subobject-linkage -Wno-tautological-compare -Wno-uninitialized -Wno-unused-but-set-parameter -Wno-unused-but-set-variable -Wno-unused-parameter -Wno-unused-variable      -include Vtop__pch.h.fast -c Vtop___024root__0.cpp
ccache g++ -Os  -I.  -MMD -I/usr/local/share/verilator/include -I/usr/local/share/verilator/include/vltstd -DVERILATOR=1 -DVM_COVERAGE=0 -DVM_SC=0 -DVM_TIMING=0 -DVM_TRACE=1 -DVM_TRACE_FST=0 -DVM_TRACE_VCD=1 -DVM_TRACE_SAIF=0 -DVM_VPI=1 -faligned-new -fcf-protection=none -Wno-bool-operation -Wno-int-in-bool-context -Wno-shadow -Wno-sign-compare -Wno-subobject-linkage -Wno-tautological-compare -Wno-uninitialized -Wno-unused-but-set-parameter -Wno-unused-but-set-variable -Wno-unused-parameter -Wno-unused-variable      -include Vtop__pch.h.fast -c Vtop___024root__1.cpp
ccache g++ -Os  -I.  -MMD -I/usr/local/share/verilator/include -I/usr/local/share/verilator/include/vltstd -DVERILATOR=1 -DVM_COVERAGE=0 -DVM_SC=0 -DVM_TIMING=0 -DVM_TRACE=1 -DVM_TRACE_FST=0 -DVM_TRACE_VCD=1 -DVM_TRACE_SAIF=0 -DVM_VPI=1 -faligned-new -fcf-protection=none -Wno-bool-operation -Wno-int-in-bool-context -Wno-shadow -Wno-sign-compare -Wno-subobject-linkage -Wno-tautological-compare -Wno-uninitialized -Wno-unused-but-set-parameter -Wno-unused-but-set-variable -Wno-unused-parameter -Wno-unused-variable      -include Vtop__pch.h.fast -c Vtop__Dpi.cpp
ccache g++ -Os  -I.  -MMD -I/usr/local/share/verilator/include -I/usr/local/share/verilator/include/vltstd -DVERILATOR=1 -DVM_COVERAGE=0 -DVM_SC=0 -DVM_TIMING=0 -DVM_TRACE=1 -DVM_TRACE_FST=0 -DVM_TRACE_VCD=1 -DVM_TRACE_SAIF=0 -DVM_VPI=1 -faligned-new -fcf-protection=none -Wno-bool-operation -Wno-int-in-bool-context -Wno-shadow -Wno-sign-compare -Wno-subobject-linkage -Wno-tautological-compare -Wno-uninitialized -Wno-unused-but-set-parameter -Wno-unused-but-set-variable -Wno-unused-parameter -Wno-unused-variable      -include Vtop__pch.h.fast -c Vtop__Trace__0.cpp
ccache g++   -I.  -MMD -I/usr/local/share/verilator/include -I/usr/local/share/verilator/include/vltstd -DVERILATOR=1 -DVM_COVERAGE=0 -DVM_SC=0 -DVM_TIMING=0 -DVM_TRACE=1 -DVM_TRACE_FST=0 -DVM_TRACE_VCD=1 -DVM_TRACE_SAIF=0 -DVM_VPI=1 -faligned-new -fcf-protection=none -Wno-bool-operation -Wno-int-in-bool-context -Wno-shadow -Wno-sign-compare -Wno-subobject-linkage -Wno-tautological-compare -Wno-uninitialized -Wno-unused-but-set-parameter -Wno-unused-but-set-variable -Wno-unused-parameter -Wno-unused-variable      -x c++-header Vtop__pch.h -o Vtop__pch.h.slow.gch
ccache g++   -I.  -MMD -I/usr/local/share/verilator/include -I/usr/local/share/verilator/include/vltstd -DVERILATOR=1 -DVM_COVERAGE=0 -DVM_SC=0 -DVM_TIMING=0 -DVM_TRACE=1 -DVM_TRACE_FST=0 -DVM_TRACE_VCD=1 -DVM_TRACE_SAIF=0 -DVM_VPI=1 -faligned-new -fcf-protection=none -Wno-bool-operation -Wno-int-in-bool-context -Wno-shadow -Wno-sign-compare -Wno-subobject-linkage -Wno-tautological-compare -Wno-uninitialized -Wno-unused-but-set-parameter -Wno-unused-but-set-variable -Wno-unused-parameter -Wno-unused-variable      -include Vtop__pch.h.slow -c Vtop__ConstPool__0__Slow.cpp
ccache g++   -I.  -MMD -I/usr/local/share/verilator/include -I/usr/local/share/verilator/include/vltstd -DVERILATOR=1 -DVM_COVERAGE=0 -DVM_SC=0 -DVM_TIMING=0 -DVM_TRACE=1 -DVM_TRACE_FST=0 -DVM_TRACE_VCD=1 -DVM_TRACE_SAIF=0 -DVM_VPI=1 -faligned-new -fcf-protection=none -Wno-bool-operation -Wno-int-in-bool-context -Wno-shadow -Wno-sign-compare -Wno-subobject-linkage -Wno-tautological-compare -Wno-uninitialized -Wno-unused-but-set-parameter -Wno-unused-but-set-variable -Wno-unused-parameter -Wno-unused-variable      -include Vtop__pch.h.slow -c Vtop___024root__Slow.cpp
ccache g++   -I.  -MMD -I/usr/local/share/verilator/include -I/usr/local/share/verilator/include/vltstd -DVERILATOR=1 -DVM_COVERAGE=0 -DVM_SC=0 -DVM_TIMING=0 -DVM_TRACE=1 -DVM_TRACE_FST=0 -DVM_TRACE_VCD=1 -DVM_TRACE_SAIF=0 -DVM_VPI=1 -faligned-new -fcf-protection=none -Wno-bool-operation -Wno-int-in-bool-context -Wno-shadow -Wno-sign-compare -Wno-subobject-linkage -Wno-tautological-compare -Wno-uninitialized -Wno-unused-but-set-parameter -Wno-unused-but-set-variable -Wno-unused-parameter -Wno-unused-variable      -include Vtop__pch.h.slow -c Vtop___024root__0__Slow.cpp
ccache g++   -I.  -MMD -I/usr/local/share/verilator/include -I/usr/local/share/verilator/include/vltstd -DVERILATOR=1 -DVM_COVERAGE=0 -DVM_SC=0 -DVM_TIMING=0 -DVM_TRACE=1 -DVM_TRACE_FST=0 -DVM_TRACE_VCD=1 -DVM_TRACE_SAIF=0 -DVM_VPI=1 -faligned-new -fcf-protection=none -Wno-bool-operation -Wno-int-in-bool-context -Wno-shadow -Wno-sign-compare -Wno-subobject-linkage -Wno-tautological-compare -Wno-uninitialized -Wno-unused-but-set-parameter -Wno-unused-but-set-variable -Wno-unused-parameter -Wno-unused-variable      -include Vtop__pch.h.slow -c Vtop__Syms__Slow.cpp
ccache g++   -I.  -MMD -I/usr/local/share/verilator/include -I/usr/local/share/verilator/include/vltstd -DVERILATOR=1 -DVM_COVERAGE=0 -DVM_SC=0 -DVM_TIMING=0 -DVM_TRACE=1 -DVM_TRACE_FST=0 -DVM_TRACE_VCD=1 -DVM_TRACE_SAIF=0 -DVM_VPI=1 -faligned-new -fcf-protection=none -Wno-bool-operation -Wno-int-in-bool-context -Wno-shadow -Wno-sign-compare -Wno-subobject-linkage -Wno-tautological-compare -Wno-uninitialized -Wno-unused-but-set-parameter -Wno-unused-but-set-variable -Wno-unused-parameter -Wno-unused-variable      -include Vtop__pch.h.slow -c Vtop__Trace__0__Slow.cpp
ccache g++   -I.  -MMD -I/usr/local/share/verilator/include -I/usr/local/share/verilator/include/vltstd -DVERILATOR=1 -DVM_COVERAGE=0 -DVM_SC=0 -DVM_TIMING=0 -DVM_TRACE=1 -DVM_TRACE_FST=0 -DVM_TRACE_VCD=1 -DVM_TRACE_SAIF=0 -DVM_VPI=1 -faligned-new -fcf-protection=none -Wno-bool-operation -Wno-int-in-bool-context -Wno-shadow -Wno-sign-compare -Wno-subobject-linkage -Wno-tautological-compare -Wno-uninitialized -Wno-unused-but-set-parameter -Wno-unused-but-set-variable -Wno-unused-parameter -Wno-unused-variable      -include Vtop__pch.h.slow -c Vtop__TraceDecls__0__Slow.cpp
g++    -rdynamic verilator.o verilated.o verilated_dpi.o verilated_vpi.o verilated_vcd_c.o verilated_threads.o Vtop__ALL.a   -Wl,-rpath,/home/mohammad-khoshroo/.local/lib/python3.12/site-packages/cocotb/libs -L/home/mohammad-khoshroo/.local/lib/python3.12/site-packages/cocotb/libs -lcocotbvpi_verilator  -pthread -lpthread -latomic -ldl   -o Vtop
rm Vtop__ALL.verilator_deplist.tmp
make[2]: Leaving directory '/mnt/d/UT.CE/Term-06/HW4AI/HW-CA/HW10/build'
rm -f results.xml
COCOTB_TEST_MODULES=test_bench COCOTB_TESTCASE= COCOTB_TEST_FILTER= COCOTB_TOPLEVEL=cluster_wrapper_bit_serial TOPLEVEL_LANG=verilog \
         build/Vtop  --trace --timing -Wno-ASCRANGE -Wno-WIDTHEXPAND -Wno-WIDTHTRUNC -Wno-CASEINCOMPLETE -Wno-COMBDLY -Wno-LATCH -Wno-UNOPTFLAT   
     -.--ns INFO     gpi                                ..mbed/gpi_embed.cpp:93   in _embed_init_python              Using Python 3.12.4 interpreter at /usr/bin/python3
     -.--ns INFO     gpi                                ../gpi/GpiCommon.cpp:79   in gpi_print_registered_impl       VPI registered
     0.00ns INFO     cocotb                             Running on Verilator version 5.050 2026-07-01
     0.00ns INFO     cocotb                             Seeding Python random module with 1785127572
     0.00ns INFO     cocotb                             Initialized cocotb v2.0.1 from /home/mohammad-khoshroo/.local/lib/python3.12/site-packages/cocotb
     0.00ns INFO     cocotb                             Running tests
     0.00ns INFO     cocotb.regression                  running test_bench.test_linear_layer (1/1)
                                                            Test QuantLinear (MLP) layer with bias against Golden Model.
     0.00ns WARNING  py.warnings                        /mnt/d/UT.CE/Term-06/HW4AI/HW-CA/HW10/test_bench.py:35: DeprecationWarning: Use ``cocotb.start_soon`` instead.
                                                          await cocotb.start(Clock(dut.s00_axi_aclk, axi_duty, unit="ps").start()) # pyright: ignore[reportArgumentType]
     0.00ns WARNING  py.warnings                        /mnt/d/UT.CE/Term-06/HW4AI/HW-CA/HW10/test_bench.py:36: DeprecationWarning: Use ``cocotb.start_soon`` instead.
                                                          await cocotb.start(Clock(dut.s01_axi_aclk, axi_duty, unit="ps").start()) # pyright: ignore[reportArgumentType]
     0.00ns WARNING  py.warnings                        /mnt/d/UT.CE/Term-06/HW4AI/HW-CA/HW10/test_bench.py:37: DeprecationWarning: Use ``cocotb.start_soon`` instead.
                                                          await cocotb.start(Clock(dut.s02_axi_aclk, axi_duty, unit="ps").start()) # pyright: ignore[reportArgumentType]
     0.00ns WARNING  py.warnings                        /mnt/d/UT.CE/Term-06/HW4AI/HW-CA/HW10/test_bench.py:38: DeprecationWarning: Use ``cocotb.start_soon`` instead.
                                                          await cocotb.start(Clock(dut.logic_clk,  logic_duty, unit="ps").start()) # pyright: ignore[reportArgumentType]
   300.00ns WARNING  py.warnings                        /home/mohammad-khoshroo/.local/lib/python3.12/site-packages/cocotbext/axi/stream.py:120: DeprecationWarning: Use `handle.set(Immediate(...))` or `handle.value = Immediate(...)` instead.
                                                          self.valid.setimmediatevalue(self._valid_init)
   300.00ns WARNING  py.warnings                        /home/mohammad-khoshroo/.local/lib/python3.12/site-packages/cocotbext/axi/stream.py:133: DeprecationWarning: Use `handle.set(Immediate(...))` or `handle.value = Immediate(...)` instead.
                                                          s.setimmediatevalue(v)
   300.00ns WARNING  py.warnings                        /home/mohammad-khoshroo/.local/lib/python3.12/site-packages/cocotbext/axi/stream.py:115: DeprecationWarning: Use `handle.set(Immediate(...))` or `handle.value = Immediate(...)` instead.
                                                          self.ready.setimmediatevalue(self._ready_init)
   300.00ns WARNING  py.warnings                        /home/mohammad-khoshroo/.local/lib/python3.12/site-packages/cocotbext/axi/reset.py:59: DeprecationWarning: Use `signal.value_change` instead.
                                                          await Edge(reset_signal)
   300.35ns WARNING  py.warnings                        /home/mohammad-khoshroo/.local/lib/python3.12/site-packages/cocotbext/axi/axi_master.py:630: DeprecationWarning: The data field will be removed in a future release.
                                                          cmd.event.set(write_resp)
   300.35ns WARNING  py.warnings                        /home/mohammad-khoshroo/.local/lib/python3.12/site-packages/cocotbext/axi/axi_master.py:423: DeprecationWarning: The data field will be removed in a future release.
                                                          return event.data
   304.45ns WARNING  py.warnings                        /home/mohammad-khoshroo/.local/lib/python3.12/site-packages/cocotbext/axi/axi_master.py:1030: DeprecationWarning: The data field will be removed in a future release.
                                                          cmd.event.set(read_resp)
   304.45ns WARNING  py.warnings                        /home/mohammad-khoshroo/.local/lib/python3.12/site-packages/cocotbext/axi/axi_master.py:834: DeprecationWarning: The data field will be removed in a future release.
                                                          return event.data

--- Linear Golden Output Sample ---
tensor([ 0.0404,  0.0615, -0.1786, -0.0157,  0.1258], grad_fn=<SliceBackward0>)
--- Linear Hardware Output Sample ---
tensor([ 0.0404,  0.0615, -0.1786, -0.0157,  0.1258], grad_fn=<SliceBackward0>)
   369.41ns WARNING  ..t_linear_layer.test_linear_layer Linear Hardware output does not match golden output!
                                                        assert False
                                                         +  where False = <built-in method allclose of type object at 0x7e9fb0b48980>(tensor([[ 0.0404,  0.0615, -0.1786, -0.0157,  0.1258, -0.0098, -0.1596, -0.0621,\n          0.0977,  0.0898,  0.0925, -...1649,\n         -0.1354,  0.0835,  0.0299, -0.0846,  0.0884, -0.1389, -0.0501,  0.0987]],\n       grad_fn=<AddBackward0>), 
                                                                                                                                      tensor([[ 0.0404,  0.0615, -0.1786, -0.0157,  0.1258, -0.0098, -0.1596, -0.0621,\n          0.0977,  0.0898,  0.0925, -...0741,\n         -0.1354,  0.0835,  0.0299, -0.0846,  0.0884,  0.1001, -0.0501,  0.0987]],\n       grad_fn=<AddBackward0>), atol=0.001, rtol=0.001)
                                                         +    where <built-in method allclose of type object at 0x7e9fb0b48980> = torch.allclose
                                                        Traceback (most recent call last):
                                                          File "/mnt/d/UT.CE/Term-06/HW4AI/HW-CA/HW10/test_bench.py", line 87, in test_linear_layer
                                                            assert torch.allclose(hw_output, golden_output, atol=1e-3, rtol=1e-3), \
                                                        AssertionError: Linear Hardware output does not match golden output!
                                                        assert False
                                                         +  where False = <built-in method allclose of type object at 0x7e9fb0b48980>(tensor([[ 0.0404,  0.0615, -0.1786, -0.0157,  0.1258, -0.0098, -0.1596, -0.0621,\n          0.0977,  0.0898,  0.0925, -...1649,\n         -0.1354,  0.0835,  0.0299, -0.0846,  0.0884, -0.1389, -0.0501,  0.0987]],\n       grad_fn=<AddBackward0>), tensor([[ 0.0404,  0.0615, -0.1786, -0.0157,  0.1258, -0.0098, -0.1596, -0.0621,\n          0.0977,  0.0898,  0.0925, -...0741,\n         -0.1354,  0.0835,  0.0299, -0.0846,  0.0884,  0.1001, -0.0501,  0.0987]],\n       grad_fn=<AddBackward0>), atol=0.001, rtol=0.001)
                                                         +    where <built-in method allclose of type object at 0x7e9fb0b48980> = torch.allclose
   369.41ns WARNING  cocotb.regression                  test_bench.test_linear_layer failed
   369.41ns INFO     cocotb.regression                  **************************************************************************************
                                                        ** TEST                          STATUS  SIM TIME (ns)  REAL TIME (s)  RATIO (ns/s) **
                                                        **************************************************************************************
                                                        ** test_bench.test_linear_layer   FAIL         369.41           0.93        398.95  **
                                                        **************************************************************************************
                                                        ** TESTS=1 PASS=0 FAIL=1 SKIP=0                369.41           0.93        395.80  **
                                                        **************************************************************************************
- :0: Verilog $finish
make[1]: *** [/home/mohammad-khoshroo/.local/lib/python3.12/site-packages/cocotb_tools/makefiles/simulators/Makefile.verilator:70: results.xml] Error 1
make[1]: Leaving directory '/mnt/d/UT.CE/Term-06/HW4AI/HW-CA/HW10'
make: *** [/home/mohammad-khoshroo/.local/lib/python3.12/site-packages/cocotb_tools/makefiles/Makefile.inc:17: sim] Error 2
