rm -f results.xml
"make" -f makefile results.xml
make[1]: Entering directory '/mnt/d/UT.CE/Term-06/HW4AI/HW-CA/HW10'
/usr/local/bin/verilator -cc --exe -Mdir build --top-module cluster_wrapper -Ihardware/include --timescale 1ns/1ps --vpi --public-flat-rw --prefix Vtop -o Vtop -LDFLAGS "-Wl,-rpath,/home/mohammad-khoshroo/.local/lib/python3.12/site-packages/cocotb/libs -L/home/mohammad-khoshroo/.local/lib/python3.12/site-packages/cocotb/libs -lcocotbvpi_verilator" --trace --timing -Wno-ASCRANGE -Wno-WIDTHEXPAND -Wno-WIDTHTRUNC -Wno-CASEINCOMPLETE -Wno-COMBDLY -Wno-LATCH -Wno-UNOPTFLAT hardware/src/axi4-interface/config/Axi4_config_mlp_v1_0.v hardware/src/axi4-interface/config/Axi4_config_mlp_v1_0_S00_AXI.v hardware/src/axi4-interface/input-weight-rams/Axi4_input_weight_brams_v1_0.v hardware/src/axi4-interface/input-weight-rams/Axi4_input_weight_brams_v1_0_S00_AXI.v hardware/src/axi4-interface/register-array/Axi4_register_array_v1_0.v hardware/src/axi4-interface/register-array/Axi4_register_array_v1_0_S00_AXI.v hardware/src/Cluster/cluster_ctrl.v hardware/src/Cluster/cluster_dp.v hardware/src/Cluster/cluster_top.v hardware/src/Cluster-wrapper/cluster_wrapper.v hardware/src/utils/bram_sp.v hardware/src/utils/mull_add.v /home/mohammad-khoshroo/.local/lib/python3.12/site-packages/cocotb/share/lib/verilator/verilator.cpp
- V e r i l a t i o n   R e p o r t: Verilator 5.050 2026-07-01 rev v5.050-60-g3d2421f3b
- Verilator: Built from 0.916 MB sources in 13 modules, into 1.373 MB in 10 C++ files needing 0.000 MB
- Verilator: Walltime 0.567 s (elab=0.018, cvt=0.134, bld=0.000); cpu 0.154 s on 1 threads; allocated 40.723 MB
make -C build  -f Vtop.mk
make[2]: Entering directory '/mnt/d/UT.CE/Term-06/HW4AI/HW-CA/HW10/build'
make[2]: Warning: File 'Vtop__ver.d' has modification time 0.61 s in the future
ccache g++  -I.  -MMD -I/usr/local/share/verilator/include -I/usr/local/share/verilator/include/vltstd -DVERILATOR=1 -DVM_COVERAGE=0 -DVM_SC=0 -DVM_TIMING=0 -DVM_TRACE=1 -DVM_TRACE_FST=0 -DVM_TRACE_VCD=1 -DVM_TRACE_SAIF=0 -DVM_VPI=1 -faligned-new -fcf-protection=none -Wno-bool-operation -Wno-int-in-bool-context -Wno-shadow -Wno-sign-compare -Wno-subobject-linkage -Wno-tautological-compare -Wno-uninitialized -Wno-unused-but-set-parameter -Wno-unused-but-set-variable -Wno-unused-parameter -Wno-unused-variable      -Os  -c -o verilator.o /home/mohammad-khoshroo/.local/lib/python3.12/site-packages/cocotb/share/lib/verilator/verilator.cpp
ccache g++ -Os  -I.  -MMD -I/usr/local/share/verilator/include -I/usr/local/share/verilator/include/vltstd -DVERILATOR=1 -DVM_COVERAGE=0 -DVM_SC=0 -DVM_TIMING=0 -DVM_TRACE=1 -DVM_TRACE_FST=0 -DVM_TRACE_VCD=1 -DVM_TRACE_SAIF=0 -DVM_VPI=1 -faligned-new -fcf-protection=none -Wno-bool-operation -Wno-int-in-bool-context -Wno-shadow -Wno-sign-compare -Wno-subobject-linkage -Wno-tautological-compare -Wno-uninitialized -Wno-unused-but-set-parameter -Wno-unused-but-set-variable -Wno-unused-parameter -Wno-unused-variable      -c -o verilated.o /usr/local/share/verilator/include/verilated.cpp
ccache g++ -Os  -I.  -MMD -I/usr/local/share/verilator/include -I/usr/local/share/verilator/include/vltstd -DVERILATOR=1 -DVM_COVERAGE=0 -DVM_SC=0 -DVM_TIMING=0 -DVM_TRACE=1 -DVM_TRACE_FST=0 -DVM_TRACE_VCD=1 -DVM_TRACE_SAIF=0 -DVM_VPI=1 -faligned-new -fcf-protection=none -Wno-bool-operation -Wno-int-in-bool-context -Wno-shadow -Wno-sign-compare -Wno-subobject-linkage -Wno-tautological-compare -Wno-uninitialized -Wno-unused-but-set-parameter -Wno-unused-but-set-variable -Wno-unused-parameter -Wno-unused-variable      -c -o verilated_dpi.o /usr/local/share/verilator/include/verilated_dpi.cpp
ccache g++ -Os  -I.  -MMD -I/usr/local/share/verilator/include -I/usr/local/share/verilator/include/vltstd -DVERILATOR=1 -DVM_COVERAGE=0 -DVM_SC=0 -DVM_TIMING=0 -DVM_TRACE=1 -DVM_TRACE_FST=0 -DVM_TRACE_VCD=1 -DVM_TRACE_SAIF=0 -DVM_VPI=1 -faligned-new -fcf-protection=none -Wno-bool-operation -Wno-int-in-bool-context -Wno-shadow -Wno-sign-compare -Wno-subobject-linkage -Wno-tautological-compare -Wno-uninitialized -Wno-unused-but-set-parameter -Wno-unused-but-set-variable -Wno-unused-parameter -Wno-unused-variable      -c -o verilated_vpi.o /usr/local/share/verilator/include/verilated_vpi.cpp
ccache g++ -Os  -I.  -MMD -I/usr/local/share/verilator/include -I/usr/local/share/verilator/include/vltstd -DVERILATOR=1 -DVM_COVERAGE=0 -DVM_SC=0 -DVM_TIMING=0 -DVM_TRACE=1 -DVM_TRACE_FST=0 -DVM_TRACE_VCD=1 -DVM_TRACE_SAIF=0 -DVM_VPI=1 -faligned-new -fcf-protection=none -Wno-bool-operation -Wno-int-in-bool-context -Wno-shadow -Wno-sign-compare -Wno-subobject-linkage -Wno-tautological-compare -Wno-uninitialized -Wno-unused-but-set-parameter -Wno-unused-but-set-variable -Wno-unused-parameter -Wno-unused-variable      -c -o verilated_vcd_c.o /usr/local/share/verilator/include/verilated_vcd_c.cpp
ccache g++ -Os  -I.  -MMD -I/usr/local/share/verilator/include -I/usr/local/share/verilator/include/vltstd -DVERILATOR=1 -DVM_COVERAGE=0 -DVM_SC=0 -DVM_TIMING=0 -DVM_TRACE=1 -DVM_TRACE_FST=0 -DVM_TRACE_VCD=1 -DVM_TRACE_SAIF=0 -DVM_VPI=1 -faligned-new -fcf-protection=none -Wno-bool-operation -Wno-int-in-bool-context -Wno-shadow -Wno-sign-compare -Wno-subobject-linkage -Wno-tautological-compare -Wno-uninitialized -Wno-unused-but-set-parameter -Wno-unused-but-set-variable -Wno-unused-parameter -Wno-unused-variable      -c -o verilated_threads.o /usr/local/share/verilator/include/verilated_threads.cpp
python3 /usr/local/share/verilator/bin/verilator_includer -DVL_INCLUDE_OPT=include Vtop.cpp Vtop___024root__0.cpp Vtop__Dpi.cpp Vtop__Trace__0.cpp Vtop__ConstPool__0__Slow.cpp Vtop___024root__Slow.cpp Vtop___024root__0__Slow.cpp Vtop__Syms__Slow.cpp Vtop__Trace__0__Slow.cpp Vtop__TraceDecls__0__Slow.cpp > Vtop__ALL.cpp
ccache g++ -Os  -I.  -MMD -I/usr/local/share/verilator/include -I/usr/local/share/verilator/include/vltstd -DVERILATOR=1 -DVM_COVERAGE=0 -DVM_SC=0 -DVM_TIMING=0 -DVM_TRACE=1 -DVM_TRACE_FST=0 -DVM_TRACE_VCD=1 -DVM_TRACE_SAIF=0 -DVM_VPI=1 -faligned-new -fcf-protection=none -Wno-bool-operation -Wno-int-in-bool-context -Wno-shadow -Wno-sign-compare -Wno-subobject-linkage -Wno-tautological-compare -Wno-uninitialized -Wno-unused-but-set-parameter -Wno-unused-but-set-variable -Wno-unused-parameter -Wno-unused-variable      -c -o Vtop__ALL.o Vtop__ALL.cpp
g++    -rdynamic verilator.o verilated.o verilated_dpi.o verilated_vpi.o verilated_vcd_c.o verilated_threads.o Vtop__ALL.a   -Wl,-rpath,/home/mohammad-khoshroo/.local/lib/python3.12/site-packages/cocotb/libs -L/home/mohammad-khoshroo/.local/lib/python3.12/site-packages/cocotb/libs -lcocotbvpi_verilator  -pthread -lpthread -latomic -ldl   -o Vtop
make[2]: warning:  Clock skew detected.  Your build may be incomplete.
rm Vtop__ALL.verilator_deplist.tmp
make[2]: Leaving directory '/mnt/d/UT.CE/Term-06/HW4AI/HW-CA/HW10/build'
rm -f results.xml
COCOTB_TEST_MODULES=test_bench COCOTB_TESTCASE= COCOTB_TEST_FILTER= COCOTB_TOPLEVEL=cluster_wrapper TOPLEVEL_LANG=verilog \
         build/Vtop  --trace --timing -Wno-ASCRANGE -Wno-WIDTHEXPAND -Wno-WIDTHTRUNC -Wno-CASEINCOMPLETE -Wno-COMBDLY -Wno-LATCH -Wno-UNOPTFLAT   
     -.--ns INFO     gpi                                ..mbed/gpi_embed.cpp:93   in _embed_init_python              Using Python 3.12.4 interpreter at /usr/bin/python3
     -.--ns INFO     gpi                                ../gpi/GpiCommon.cpp:79   in gpi_print_registered_impl       VPI registered
     0.00ns INFO     cocotb                             Running on Verilator version 5.050 2026-07-01
     0.00ns INFO     cocotb                             Seeding Python random module with 1784799921
     0.00ns INFO     cocotb                             Initialized cocotb v2.0.1 from /home/mohammad-khoshroo/.local/lib/python3.12/site-packages/cocotb
     0.00ns INFO     cocotb                             Running tests
     0.00ns INFO     cocotb.regression                  running test_bench.test_conv2d_layer (1/2)
                                                            Test QuantConv2d layer with padding and bias against Golden Model.
     0.00ns WARNING  py.warnings                        /mnt/d/UT.CE/Term-06/HW4AI/HW-CA/HW10/test_bench.py:25: DeprecationWarning: The 'units' argument has been renamed to 'unit'.
                                                          await cocotb.start(Clock(dut.s00_axi_aclk, axi_duty, units="ps").start()) # pyright: ignore[reportArgumentType]
     0.00ns WARNING  py.warnings                        /mnt/d/UT.CE/Term-06/HW4AI/HW-CA/HW10/test_bench.py:25: DeprecationWarning: Use ``cocotb.start_soon`` instead.
                                                          await cocotb.start(Clock(dut.s00_axi_aclk, axi_duty, units="ps").start()) # pyright: ignore[reportArgumentType]
     0.00ns WARNING  py.warnings                        /mnt/d/UT.CE/Term-06/HW4AI/HW-CA/HW10/test_bench.py:26: DeprecationWarning: The 'units' argument has been renamed to 'unit'.
                                                          await cocotb.start(Clock(dut.s01_axi_aclk, axi_duty, units="ps").start()) # pyright: ignore[reportArgumentType]
     0.00ns WARNING  py.warnings                        /mnt/d/UT.CE/Term-06/HW4AI/HW-CA/HW10/test_bench.py:26: DeprecationWarning: Use ``cocotb.start_soon`` instead.
                                                          await cocotb.start(Clock(dut.s01_axi_aclk, axi_duty, units="ps").start()) # pyright: ignore[reportArgumentType]
     0.00ns WARNING  py.warnings                        /mnt/d/UT.CE/Term-06/HW4AI/HW-CA/HW10/test_bench.py:27: DeprecationWarning: The 'units' argument has been renamed to 'unit'.
                                                          await cocotb.start(Clock(dut.s02_axi_aclk, axi_duty, units="ps").start()) # pyright: ignore[reportArgumentType]
     0.00ns WARNING  py.warnings                        /mnt/d/UT.CE/Term-06/HW4AI/HW-CA/HW10/test_bench.py:27: DeprecationWarning: Use ``cocotb.start_soon`` instead.
                                                          await cocotb.start(Clock(dut.s02_axi_aclk, axi_duty, units="ps").start()) # pyright: ignore[reportArgumentType]
     0.00ns WARNING  py.warnings                        /mnt/d/UT.CE/Term-06/HW4AI/HW-CA/HW10/test_bench.py:28: DeprecationWarning: The 'units' argument has been renamed to 'unit'.
                                                          await cocotb.start(Clock(dut.logic_clk,  logic_duty, units="ps").start()) # pyright: ignore[reportArgumentType]
     0.00ns WARNING  py.warnings                        /mnt/d/UT.CE/Term-06/HW4AI/HW-CA/HW10/test_bench.py:28: DeprecationWarning: Use ``cocotb.start_soon`` instead.
                                                          await cocotb.start(Clock(dut.logic_clk,  logic_duty, units="ps").start()) # pyright: ignore[reportArgumentType]
     0.00ns WARNING  py.warnings                        /mnt/d/UT.CE/Term-06/HW4AI/HW-CA/HW10/test_bench.py:34: DeprecationWarning: The 'units' argument has been renamed to 'unit'.
                                                          await Timer(100, units="ns") # pyright: ignore[reportArgumentType]
   100.00ns WARNING  py.warnings                        /mnt/d/UT.CE/Term-06/HW4AI/HW-CA/HW10/test_bench.py:40: DeprecationWarning: The 'units' argument has been renamed to 'unit'.
                                                          await Timer(200, units="ns") # pyright: ignore[reportArgumentType]
   300.00ns WARNING  py.warnings                        /mnt/d/UT.CE/Term-06/HW4AI/HW-CA/HW10/test_bench.py:69: DeprecationWarning: The 'units' argument has been renamed to 'unit'.
                                                          start_time = get_sim_time(units="ns") # pyright: ignore[reportArgumentType]
   300.00ns WARNING  py.warnings                        /home/mohammad-khoshroo/.local/lib/python3.12/site-packages/cocotbext/axi/stream.py:120: DeprecationWarning: Use `handle.set(Immediate(...))` or `handle.value = Immediate(...)` instead.
                                                          self.valid.setimmediatevalue(self._valid_init)
   300.00ns WARNING  py.warnings                        /home/mohammad-khoshroo/.local/lib/python3.12/site-packages/cocotbext/axi/stream.py:133: DeprecationWarning: Use `handle.set(Immediate(...))` or `handle.value = Immediate(...)` instead.
                                                          s.setimmediatevalue(v)
   300.00ns WARNING  py.warnings                        /home/mohammad-khoshroo/.local/lib/python3.12/site-packages/cocotbext/axi/stream.py:115: DeprecationWarning: Use `handle.set(Immediate(...))` or `handle.value = Immediate(...)` instead.
                                                          self.ready.setimmediatevalue(self._ready_init)
   300.00ns WARNING  py.warnings                        /home/mohammad-khoshroo/.local/lib/python3.12/site-packages/cocotbext/axi/reset.py:59: DeprecationWarning: Use `signal.value_change` instead.
                                                          await Edge(reset_signal)
   300.35ns WARNING  py.warnings                        /home/mohammad-khoshroo/.local/lib/python3.12/site-packages/cocotbext/axi/axi_master.py:630: DeprecationWarning: The data field will be removed in a future release.
                                                          cmd.event.set(write_resp)
   300.35ns WARNING  py.warnings                        /home/mohammad-khoshroo/.local/lib/python3.12/site-packages/cocotbext/axi/axi_master.py:423: DeprecationWarning: The data field will be removed in a future release.
                                                          return event.data
   301.57ns WARNING  py.warnings                        /home/mohammad-khoshroo/.local/lib/python3.12/site-packages/cocotbext/axi/axi_master.py:1030: DeprecationWarning: The data field will be removed in a future release.
                                                          cmd.event.set(read_resp)
   301.57ns WARNING  py.warnings                        /home/mohammad-khoshroo/.local/lib/python3.12/site-packages/cocotbext/axi/axi_master.py:834: DeprecationWarning: The data field will be removed in a future release.
                                                          return event.data
   301.57ns WARNING  py.warnings                        /mnt/d/UT.CE/Term-06/HW4AI/HW-CA/HW10/system.py:89: DeprecationWarning: The 'units' argument has been renamed to 'unit'.
                                                          await Timer(10, units='ns') # pyright: ignore[reportArgumentType]
  6851.03ns WARNING  py.warnings                        /mnt/d/UT.CE/Term-06/HW4AI/HW-CA/HW10/test_bench.py:74: DeprecationWarning: The 'units' argument has been renamed to 'unit'.
                                                          end_time = get_sim_time(units="ns") # pyright: ignore[reportArgumentType]

--- Conv2d Golden Output Sample ---
tensor([-0.0923, -0.0426, -0.0744, -0.1202, -0.1307], grad_fn=<SliceBackward0>)
--- Conv2d Hardware Output Sample ---
tensor([-0.0816, -0.0824, -0.0459, -0.1017, -0.0821], grad_fn=<SliceBackward0>)
  6851.03ns WARNING  ..t_conv2d_layer.test_conv2d_layer Conv2d Hardware output does not match golden output!
                                                        assert False
                                                         +  where False = <built-in method allclose of type object at 0x72489bf48980>(tensor([[[[-8.1579e-02, -8.2425e-02, -4.5863e-02, -1.0169e-01, -8.2121e-02,\n           -1.0951e-01, -1.4523e-01, -5.48...1, -1.0806e-01, -1.7719e-01, -1.1744e-01,\n           -1.3512e-01, -4.8604e-02, -1.4240e-01]]]], grad_fn=<AddBackward0>), tensor([[[[-9.2282e-02, -4.2589e-02, -7.4398e-02, -1.2018e-01, -1.3068e-01,\n           -7.1593e-02, -3.2996e-02, -1.69...1, -1.2368e-01, -9.4888e-02, -1.2638e-01,\n           -1.5809e-01, -5.9909e-02, -6.1077e-02]]]], grad_fn=<AddBackward0>), atol=0.001, rtol=0.001)
                                                         +    where <built-in method allclose of type object at 0x72489bf48980> = torch.allclose
                                                        Traceback (most recent call last):
                                                          File "/mnt/d/UT.CE/Term-06/HW4AI/HW-CA/HW10/test_bench.py", line 83, in test_conv2d_layer
                                                            assert torch.allclose(hw_output, golden_output, atol=1e-3, rtol=1e-3), \
                                                        AssertionError: Conv2d Hardware output does not match golden output!
                                                        assert False
                                                         +  where False = <built-in method allclose of type object at 0x72489bf48980>(tensor([[[[-8.1579e-02, -8.2425e-02, -4.5863e-02, -1.0169e-01, -8.2121e-02,\n           -1.0951e-01, -1.4523e-01, -5.48...1, -1.0806e-01, -1.7719e-01, -1.1744e-01,\n           -1.3512e-01, -4.8604e-02, -1.4240e-01]]]], grad_fn=<AddBackward0>), tensor([[[[-9.2282e-02, -4.2589e-02, -7.4398e-02, -1.2018e-01, -1.3068e-01,\n           -7.1593e-02, -3.2996e-02, -1.69...1, -1.2368e-01, -9.4888e-02, -1.2638e-01,\n           -1.5809e-01, -5.9909e-02, -6.1077e-02]]]], grad_fn=<AddBackward0>), atol=0.001, rtol=0.001)
                                                         +    where <built-in method allclose of type object at 0x72489bf48980> = torch.allclose
  6851.03ns WARNING  cocotb.regression                  test_bench.test_conv2d_layer failed
  6851.03ns INFO     cocotb.regression                  running test_bench.test_linear_layer (2/2)
                                                            Test QuantLinear (MLP) layer with bias against Golden Model.
  7151.03ns WARNING  py.warnings                        /mnt/d/UT.CE/Term-06/HW4AI/HW-CA/HW10/test_bench.py:109: DeprecationWarning: The 'units' argument has been renamed to 'unit'.
                                                          start_time = get_sim_time(units="ns") # pyright: ignore[reportArgumentType]
  7180.32ns WARNING  py.warnings                        /mnt/d/UT.CE/Term-06/HW4AI/HW-CA/HW10/test_bench.py:114: DeprecationWarning: The 'units' argument has been renamed to 'unit'.
                                                          end_time = get_sim_time(units="ns") # pyright: ignore[reportArgumentType]

--- Linear Golden Output Sample ---
tensor([-0.0745, -0.1936, -0.0162,  0.0289, -0.0778], grad_fn=<SliceBackward0>)
--- Linear Hardware Output Sample ---
tensor([-0.0759, -0.1758,  0.0452,  0.1114, -0.1540], grad_fn=<SliceBackward0>)
  7180.32ns WARNING  ..t_linear_layer.test_linear_layer Linear Hardware output does not match golden output!
                                                        assert False
                                                         +  where False = <built-in method allclose of type object at 0x72489bf48980>(tensor([[-0.0759, -0.1758,  0.0452,  0.1114, -0.1540, -0.0768, -0.0343, -0.1116,\n          0.1868, -0.0320,  0.0571, -...0963,\n          0.0717, -0.0534, -0.0247,  0.0442, -0.0290,  0.0486, -0.1113,  0.0462]],\n       grad_fn=<AddBackward0>), tensor([[-0.0745, -0.1936, -0.0162,  0.0289, -0.0778, -0.0802,  0.0997, -0.1427,\n          0.1458,  0.0450, -0.1552, -...0459,\n          0.1287,  0.0701, -0.2207, -0.0586,  0.1339,  0.0275, -0.0554,  0.1407]],\n       grad_fn=<AddBackward0>), atol=0.001, rtol=0.001)
                                                         +    where <built-in method allclose of type object at 0x72489bf48980> = torch.allclose
                                                        Traceback (most recent call last):
                                                          File "/mnt/d/UT.CE/Term-06/HW4AI/HW-CA/HW10/test_bench.py", line 123, in test_linear_layer
                                                            assert torch.allclose(hw_output, golden_output, atol=1e-3, rtol=1e-3), \
                                                        AssertionError: Linear Hardware output does not match golden output!
                                                        assert False
                                                         +  where False = <built-in method allclose of type object at 0x72489bf48980>(tensor([[-0.0759, -0.1758,  0.0452,  0.1114, -0.1540, -0.0768, -0.0343, -0.1116,\n          0.1868, -0.0320,  0.0571, -...0963,\n          0.0717, -0.0534, -0.0247,  0.0442, -0.0290,  0.0486, -0.1113,  0.0462]],\n       grad_fn=<AddBackward0>), tensor([[-0.0745, -0.1936, -0.0162,  0.0289, -0.0778, -0.0802,  0.0997, -0.1427,\n          0.1458,  0.0450, -0.1552, -...0459,\n          0.1287,  0.0701, -0.2207, -0.0586,  0.1339,  0.0275, -0.0554,  0.1407]],\n       grad_fn=<AddBackward0>), atol=0.001, rtol=0.001)
                                                         +    where <built-in method allclose of type object at 0x72489bf48980> = torch.allclose
  7180.32ns WARNING  cocotb.regression                  test_bench.test_linear_layer failed
  7180.32ns INFO     cocotb.regression                  **************************************************************************************
                                                        ** TEST                          STATUS  SIM TIME (ns)  REAL TIME (s)  RATIO (ns/s) **
                                                        **************************************************************************************
                                                        ** test_bench.test_conv2d_layer   FAIL        6851.03          16.94        404.55  **
                                                        ** test_bench.test_linear_layer   FAIL         329.29           0.65        505.89  **
                                                        **************************************************************************************
                                                        ** TESTS=2 PASS=0 FAIL=2 SKIP=0               7180.32          17.60        407.98  **
                                                        **************************************************************************************
- :0: Verilog $finish
make[1]: *** [/home/mohammad-khoshroo/.local/lib/python3.12/site-packages/cocotb_tools/makefiles/simulators/Makefile.verilator:70: results.xml] Error 2
make[1]: Leaving directory '/mnt/d/UT.CE/Term-06/HW4AI/HW-CA/HW10'
make: *** [/home/mohammad-khoshroo/.local/lib/python3.12/site-packages/cocotb_tools/makefiles/Makefile.inc:17: sim] Error 2
