rm -f results.xml
"make" -f makefile results.xml
make[1]: Entering directory '/mnt/d/UT.CE/Term-06/HW4AI/HW-CA/HW10'
/usr/local/bin/verilator -cc --exe -Mdir build --top-module cluster_wrapper -Ihardware/include --timescale 1ns/1ps --vpi --public-flat-rw --prefix Vtop -o Vtop -LDFLAGS "-Wl,-rpath,/home/mohammad-khoshroo/.local/lib/python3.12/site-packages/cocotb/libs -L/home/mohammad-khoshroo/.local/lib/python3.12/site-packages/cocotb/libs -lcocotbvpi_verilator" --trace --timing -Wno-ASCRANGE -Wno-WIDTHEXPAND -Wno-WIDTHTRUNC -Wno-CASEINCOMPLETE -Wno-COMBDLY -Wno-LATCH -Wno-UNOPTFLAT hardware/src/axi4-interface/config/Axi4_config_mlp_v1_0.v hardware/src/axi4-interface/config/Axi4_config_mlp_v1_0_S00_AXI.v hardware/src/axi4-interface/input-weight-rams/Axi4_input_weight_brams_v1_0.v hardware/src/axi4-interface/input-weight-rams/Axi4_input_weight_brams_v1_0_S00_AXI.v hardware/src/axi4-interface/register-array/Axi4_register_array_v1_0.v hardware/src/axi4-interface/register-array/Axi4_register_array_v1_0_S00_AXI.v hardware/src/Cluster/cluster_ctrl.v hardware/src/Cluster/cluster_dp.v hardware/src/Cluster/cluster_top.v hardware/src/Cluster-wrapper/cluster_wrapper.v hardware/src/utils/bram_sp.v hardware/src/utils/mull_add.v /home/mohammad-khoshroo/.local/lib/python3.12/site-packages/cocotb/share/lib/verilator/verilator.cpp
- V e r i l a t i o n   R e p o r t: Verilator 5.050 2026-07-01 rev v5.050-60-g3d2421f3b
- Verilator: Built from 0.916 MB sources in 13 modules, into 1.373 MB in 10 C++ files needing 0.000 MB
- Verilator: Walltime 0.836 s (elab=0.053, cvt=0.234, bld=0.000); cpu 0.168 s on 1 threads; allocated 40.723 MB
make -C build  -f Vtop.mk
make[2]: Entering directory '/mnt/d/UT.CE/Term-06/HW4AI/HW-CA/HW10/build'
ccache g++  -I.  -MMD -I/usr/local/share/verilator/include -I/usr/local/share/verilator/include/vltstd -DVERILATOR=1 -DVM_COVERAGE=0 -DVM_SC=0 -DVM_TIMING=0 -DVM_TRACE=1 -DVM_TRACE_FST=0 -DVM_TRACE_VCD=1 -DVM_TRACE_SAIF=0 -DVM_VPI=1 -faligned-new -fcf-protection=none -Wno-bool-operation -Wno-int-in-bool-context -Wno-shadow -Wno-sign-compare -Wno-subobject-linkage -Wno-tautological-compare -Wno-uninitialized -Wno-unused-but-set-parameter -Wno-unused-but-set-variable -Wno-unused-parameter -Wno-unused-variable      -Os  -c -o verilator.o /home/mohammad-khoshroo/.local/lib/python3.12/site-packages/cocotb/share/lib/verilator/verilator.cpp
ccache g++ -Os  -I.  -MMD -I/usr/local/share/verilator/include -I/usr/local/share/verilator/include/vltstd -DVERILATOR=1 -DVM_COVERAGE=0 -DVM_SC=0 -DVM_TIMING=0 -DVM_TRACE=1 -DVM_TRACE_FST=0 -DVM_TRACE_VCD=1 -DVM_TRACE_SAIF=0 -DVM_VPI=1 -faligned-new -fcf-protection=none -Wno-bool-operation -Wno-int-in-bool-context -Wno-shadow -Wno-sign-compare -Wno-subobject-linkage -Wno-tautological-compare -Wno-uninitialized -Wno-unused-but-set-parameter -Wno-unused-but-set-variable -Wno-unused-parameter -Wno-unused-variable      -c -o verilated.o /usr/local/share/verilator/include/verilated.cpp
ccache g++ -Os  -I.  -MMD -I/usr/local/share/verilator/include -I/usr/local/share/verilator/include/vltstd -DVERILATOR=1 -DVM_COVERAGE=0 -DVM_SC=0 -DVM_TIMING=0 -DVM_TRACE=1 -DVM_TRACE_FST=0 -DVM_TRACE_VCD=1 -DVM_TRACE_SAIF=0 -DVM_VPI=1 -faligned-new -fcf-protection=none -Wno-bool-operation -Wno-int-in-bool-context -Wno-shadow -Wno-sign-compare -Wno-subobject-linkage -Wno-tautological-compare -Wno-uninitialized -Wno-unused-but-set-parameter -Wno-unused-but-set-variable -Wno-unused-parameter -Wno-unused-variable      -c -o verilated_dpi.o /usr/local/share/verilator/include/verilated_dpi.cpp
ccache g++ -Os  -I.  -MMD -I/usr/local/share/verilator/include -I/usr/local/share/verilator/include/vltstd -DVERILATOR=1 -DVM_COVERAGE=0 -DVM_SC=0 -DVM_TIMING=0 -DVM_TRACE=1 -DVM_TRACE_FST=0 -DVM_TRACE_VCD=1 -DVM_TRACE_SAIF=0 -DVM_VPI=1 -faligned-new -fcf-protection=none -Wno-bool-operation -Wno-int-in-bool-context -Wno-shadow -Wno-sign-compare -Wno-subobject-linkage -Wno-tautological-compare -Wno-uninitialized -Wno-unused-but-set-parameter -Wno-unused-but-set-variable -Wno-unused-parameter -Wno-unused-variable      -c -o verilated_vpi.o /usr/local/share/verilator/include/verilated_vpi.cpp
ccache g++ -Os  -I.  -MMD -I/usr/local/share/verilator/include -I/usr/local/share/verilator/include/vltstd -DVERILATOR=1 -DVM_COVERAGE=0 -DVM_SC=0 -DVM_TIMING=0 -DVM_TRACE=1 -DVM_TRACE_FST=0 -DVM_TRACE_VCD=1 -DVM_TRACE_SAIF=0 -DVM_VPI=1 -faligned-new -fcf-protection=none -Wno-bool-operation -Wno-int-in-bool-context -Wno-shadow -Wno-sign-compare -Wno-subobject-linkage -Wno-tautological-compare -Wno-uninitialized -Wno-unused-but-set-parameter -Wno-unused-but-set-variable -Wno-unused-parameter -Wno-unused-variable      -c -o verilated_vcd_c.o /usr/local/share/verilator/include/verilated_vcd_c.cpp
ccache g++ -Os  -I.  -MMD -I/usr/local/share/verilator/include -I/usr/local/share/verilator/include/vltstd -DVERILATOR=1 -DVM_COVERAGE=0 -DVM_SC=0 -DVM_TIMING=0 -DVM_TRACE=1 -DVM_TRACE_FST=0 -DVM_TRACE_VCD=1 -DVM_TRACE_SAIF=0 -DVM_VPI=1 -faligned-new -fcf-protection=none -Wno-bool-operation -Wno-int-in-bool-context -Wno-shadow -Wno-sign-compare -Wno-subobject-linkage -Wno-tautological-compare -Wno-uninitialized -Wno-unused-but-set-parameter -Wno-unused-but-set-variable -Wno-unused-parameter -Wno-unused-variable      -c -o verilated_threads.o /usr/local/share/verilator/include/verilated_threads.cpp
python3 /usr/local/share/verilator/bin/verilator_includer -DVL_INCLUDE_OPT=include Vtop.cpp Vtop___024root__0.cpp Vtop__Dpi.cpp Vtop__Trace__0.cpp Vtop__ConstPool__0__Slow.cpp Vtop___024root__Slow.cpp Vtop___024root__0__Slow.cpp Vtop__Syms__Slow.cpp Vtop__Trace__0__Slow.cpp Vtop__TraceDecls__0__Slow.cpp > Vtop__ALL.cpp
ccache g++ -Os  -I.  -MMD -I/usr/local/share/verilator/include -I/usr/local/share/verilator/include/vltstd -DVERILATOR=1 -DVM_COVERAGE=0 -DVM_SC=0 -DVM_TIMING=0 -DVM_TRACE=1 -DVM_TRACE_FST=0 -DVM_TRACE_VCD=1 -DVM_TRACE_SAIF=0 -DVM_VPI=1 -faligned-new -fcf-protection=none -Wno-bool-operation -Wno-int-in-bool-context -Wno-shadow -Wno-sign-compare -Wno-subobject-linkage -Wno-tautological-compare -Wno-uninitialized -Wno-unused-but-set-parameter -Wno-unused-but-set-variable -Wno-unused-parameter -Wno-unused-variable      -c -o Vtop__ALL.o Vtop__ALL.cpp
g++    -rdynamic verilator.o verilated.o verilated_dpi.o verilated_vpi.o verilated_vcd_c.o verilated_threads.o Vtop__ALL.a   -Wl,-rpath,/home/mohammad-khoshroo/.local/lib/python3.12/site-packages/cocotb/libs -L/home/mohammad-khoshroo/.local/lib/python3.12/site-packages/cocotb/libs -lcocotbvpi_verilator  -pthread -lpthread -latomic -ldl   -o Vtop
rm Vtop__ALL.verilator_deplist.tmp
make[2]: Leaving directory '/mnt/d/UT.CE/Term-06/HW4AI/HW-CA/HW10/build'
rm -f results.xml
COCOTB_TEST_MODULES=test_bench COCOTB_TESTCASE= COCOTB_TEST_FILTER= COCOTB_TOPLEVEL=cluster_wrapper TOPLEVEL_LANG=verilog \
         build/Vtop  --trace --timing -Wno-ASCRANGE -Wno-WIDTHEXPAND -Wno-WIDTHTRUNC -Wno-CASEINCOMPLETE -Wno-COMBDLY -Wno-LATCH -Wno-UNOPTFLAT   
     -.--ns INFO     gpi                                ..mbed/gpi_embed.cpp:93   in _embed_init_python              Using Python 3.12.4 interpreter at /usr/bin/python3
     -.--ns INFO     gpi                                ../gpi/GpiCommon.cpp:79   in gpi_print_registered_impl       VPI registered
     0.00ns INFO     cocotb                             Running on Verilator version 5.050 2026-07-01
     0.00ns INFO     cocotb                             Seeding Python random module with 1784797026
     0.00ns INFO     cocotb                             Initialized cocotb v2.0.1 from /home/mohammad-khoshroo/.local/lib/python3.12/site-packages/cocotb
     0.00ns INFO     cocotb                             Running tests
     0.00ns INFO     cocotb.regression                  running test_bench.test_conv2d_layer (1/2)
                                                            Test QuantConv2d layer with padding and bias against Golden Model.
     0.00ns WARNING  py.warnings                        /mnt/d/UT.CE/Term-06/HW4AI/HW-CA/HW10/test_bench.py:25: DeprecationWarning: The 'units' argument has been renamed to 'unit'.
                                                          await cocotb.start(Clock(dut.s00_axi_aclk, axi_duty, units="ps").start()) # pyright: ignore[reportArgumentType]
     0.00ns WARNING  py.warnings                        /mnt/d/UT.CE/Term-06/HW4AI/HW-CA/HW10/test_bench.py:25: DeprecationWarning: Use ``cocotb.start_soon`` instead.
                                                          await cocotb.start(Clock(dut.s00_axi_aclk, axi_duty, units="ps").start()) # pyright: ignore[reportArgumentType]
     0.00ns WARNING  py.warnings                        /mnt/d/UT.CE/Term-06/HW4AI/HW-CA/HW10/test_bench.py:26: DeprecationWarning: The 'units' argument has been renamed to 'unit'.
                                                          await cocotb.start(Clock(dut.s01_axi_aclk, axi_duty, units="ps").start()) # pyright: ignore[reportArgumentType]
     0.00ns WARNING  py.warnings                        /mnt/d/UT.CE/Term-06/HW4AI/HW-CA/HW10/test_bench.py:26: DeprecationWarning: Use ``cocotb.start_soon`` instead.
                                                          await cocotb.start(Clock(dut.s01_axi_aclk, axi_duty, units="ps").start()) # pyright: ignore[reportArgumentType]
     0.00ns WARNING  py.warnings                        /mnt/d/UT.CE/Term-06/HW4AI/HW-CA/HW10/test_bench.py:27: DeprecationWarning: The 'units' argument has been renamed to 'unit'.
                                                          await cocotb.start(Clock(dut.s02_axi_aclk, axi_duty, units="ps").start()) # pyright: ignore[reportArgumentType]
     0.00ns WARNING  py.warnings                        /mnt/d/UT.CE/Term-06/HW4AI/HW-CA/HW10/test_bench.py:27: DeprecationWarning: Use ``cocotb.start_soon`` instead.
                                                          await cocotb.start(Clock(dut.s02_axi_aclk, axi_duty, units="ps").start()) # pyright: ignore[reportArgumentType]
     0.00ns WARNING  py.warnings                        /mnt/d/UT.CE/Term-06/HW4AI/HW-CA/HW10/test_bench.py:28: DeprecationWarning: The 'units' argument has been renamed to 'unit'.
                                                          await cocotb.start(Clock(dut.logic_clk,  logic_duty, units="ps").start()) # pyright: ignore[reportArgumentType]
     0.00ns WARNING  py.warnings                        /mnt/d/UT.CE/Term-06/HW4AI/HW-CA/HW10/test_bench.py:28: DeprecationWarning: Use ``cocotb.start_soon`` instead.
                                                          await cocotb.start(Clock(dut.logic_clk,  logic_duty, units="ps").start()) # pyright: ignore[reportArgumentType]
     0.00ns WARNING  py.warnings                        /mnt/d/UT.CE/Term-06/HW4AI/HW-CA/HW10/test_bench.py:34: DeprecationWarning: The 'units' argument has been renamed to 'unit'.
                                                          await Timer(100, units="ns") # pyright: ignore[reportArgumentType]
   100.00ns WARNING  py.warnings                        /mnt/d/UT.CE/Term-06/HW4AI/HW-CA/HW10/test_bench.py:40: DeprecationWarning: The 'units' argument has been renamed to 'unit'.
                                                          await Timer(200, units="ns") # pyright: ignore[reportArgumentType]
   300.00ns WARNING  ..t_conv2d_layer.test_conv2d_layer element 0 of tensors does not require grad and does not have a grad_fn
                                                        Traceback (most recent call last):
                                                          File "/mnt/d/UT.CE/Term-06/HW4AI/HW-CA/HW10/test_bench.py", line 65, in test_conv2d_layer
                                                            _ = layer(test_input)
                                                                ^^^^^^^^^^^^^^^^^
                                                          File "/home/mohammad-khoshroo/.local/lib/python3.12/site-packages/torch/nn/modules/module.py", line 1532, in _wrapped_call_impl
                                                            return self._call_impl(*args, **kwargs)
                                                                   ^^^^^^^^^^^^^^^^^^^^^^^^^^^^^^^^
                                                          File "/home/mohammad-khoshroo/.local/lib/python3.12/site-packages/torch/nn/modules/module.py", line 1541, in _call_impl
                                                            return forward_call(*args, **kwargs)
                                                                   ^^^^^^^^^^^^^^^^^^^^^^^^^^^^^
                                                          File "/mnt/d/UT.CE/Term-06/HW4AI/HW-CA/HW10/src/lsqplus.py", line 402, in forward
                                                            quant_input = self.qunatized_input(x)
                                                                          ^^^^^^^^^^^^^^^^^^^^^^^
                                                          File "/mnt/d/UT.CE/Term-06/HW4AI/HW-CA/HW10/src/lsqplus.py", line 260, in qunatized_input
                                                            return self.qact(input)
                                                                   ^^^^^^^^^^^^^^^^
                                                          File "/home/mohammad-khoshroo/.local/lib/python3.12/site-packages/torch/nn/modules/module.py", line 1532, in _wrapped_call_impl
                                                            return self._call_impl(*args, **kwargs)
                                                                   ^^^^^^^^^^^^^^^^^^^^^^^^^^^^^^^^
                                                          File "/home/mohammad-khoshroo/.local/lib/python3.12/site-packages/torch/nn/modules/module.py", line 1541, in _call_impl
                                                            return forward_call(*args, **kwargs)
                                                                   ^^^^^^^^^^^^^^^^^^^^^^^^^^^^^
                                                          File "/mnt/d/UT.CE/Term-06/HW4AI/HW-CA/HW10/src/lsqplus.py", line 159, in forward
                                                            self.init_quant_params(activation)
                                                          File "/mnt/d/UT.CE/Term-06/HW4AI/HW-CA/HW10/src/lsqplus.py", line 132, in init_quant_params
                                                            grads = torch.autograd.grad(loss, [self.s, self.beta])
                                                                    ^^^^^^^^^^^^^^^^^^^^^^^^^^^^^^^^^^^^^^^^^^^^^^
                                                          File "/home/mohammad-khoshroo/.local/lib/python3.12/site-packages/torch/autograd/__init__.py", line 412, in grad
                                                            result = _engine_run_backward(
                                                                     ^^^^^^^^^^^^^^^^^^^^^
                                                          File "/home/mohammad-khoshroo/.local/lib/python3.12/site-packages/torch/autograd/graph.py", line 744, in _engine_run_backward
                                                            return Variable._execution_engine.run_backward(  # Calls into the C++ engine to run the backward pass
                                                                   ^^^^^^^^^^^^^^^^^^^^^^^^^^^^^^^^^^^^^^^^^^^^^^^^^^^^^^^^^^^^^^^^^^^^^^^^^^^^^^^^^^^^^^^^^^^^^^
                                                        RuntimeError: element 0 of tensors does not require grad and does not have a grad_fn
   300.00ns WARNING  cocotb.regression                  test_bench.test_conv2d_layer failed
   300.00ns INFO     cocotb.regression                  running test_bench.test_linear_layer (2/2)
                                                            Test QuantLinear (MLP) layer with bias against Golden Model.
   600.00ns WARNING  ..t_linear_layer.test_linear_layer element 0 of tensors does not require grad and does not have a grad_fn
                                                        Traceback (most recent call last):
                                                          File "/mnt/d/UT.CE/Term-06/HW4AI/HW-CA/HW10/test_bench.py", line 106, in test_linear_layer
                                                            _ = layer(test_input)
                                                                ^^^^^^^^^^^^^^^^^
                                                          File "/home/mohammad-khoshroo/.local/lib/python3.12/site-packages/torch/nn/modules/module.py", line 1532, in _wrapped_call_impl
                                                            return self._call_impl(*args, **kwargs)
                                                                   ^^^^^^^^^^^^^^^^^^^^^^^^^^^^^^^^
                                                          File "/home/mohammad-khoshroo/.local/lib/python3.12/site-packages/torch/nn/modules/module.py", line 1541, in _call_impl
                                                            return forward_call(*args, **kwargs)
                                                                   ^^^^^^^^^^^^^^^^^^^^^^^^^^^^^
                                                          File "/mnt/d/UT.CE/Term-06/HW4AI/HW-CA/HW10/src/lsqplus.py", line 457, in forward
                                                            quant_input = self.qunatized_input(input)
                                                                          ^^^^^^^^^^^^^^^^^^^^^^^^^^^
                                                          File "/mnt/d/UT.CE/Term-06/HW4AI/HW-CA/HW10/src/lsqplus.py", line 260, in qunatized_input
                                                            return self.qact(input)
                                                                   ^^^^^^^^^^^^^^^^
                                                          File "/home/mohammad-khoshroo/.local/lib/python3.12/site-packages/torch/nn/modules/module.py", line 1532, in _wrapped_call_impl
                                                            return self._call_impl(*args, **kwargs)
                                                                   ^^^^^^^^^^^^^^^^^^^^^^^^^^^^^^^^
                                                          File "/home/mohammad-khoshroo/.local/lib/python3.12/site-packages/torch/nn/modules/module.py", line 1541, in _call_impl
                                                            return forward_call(*args, **kwargs)
                                                                   ^^^^^^^^^^^^^^^^^^^^^^^^^^^^^
                                                          File "/mnt/d/UT.CE/Term-06/HW4AI/HW-CA/HW10/src/lsqplus.py", line 159, in forward
                                                            self.init_quant_params(activation)
                                                          File "/mnt/d/UT.CE/Term-06/HW4AI/HW-CA/HW10/src/lsqplus.py", line 132, in init_quant_params
                                                            grads = torch.autograd.grad(loss, [self.s, self.beta])
                                                                    ^^^^^^^^^^^^^^^^^^^^^^^^^^^^^^^^^^^^^^^^^^^^^^
                                                          File "/home/mohammad-khoshroo/.local/lib/python3.12/site-packages/torch/autograd/__init__.py", line 412, in grad
                                                            result = _engine_run_backward(
                                                                     ^^^^^^^^^^^^^^^^^^^^^
                                                          File "/home/mohammad-khoshroo/.local/lib/python3.12/site-packages/torch/autograd/graph.py", line 744, in _engine_run_backward
                                                            return Variable._execution_engine.run_backward(  # Calls into the C++ engine to run the backward pass
                                                                   ^^^^^^^^^^^^^^^^^^^^^^^^^^^^^^^^^^^^^^^^^^^^^^^^^^^^^^^^^^^^^^^^^^^^^^^^^^^^^^^^^^^^^^^^^^^^^^
                                                        RuntimeError: element 0 of tensors does not require grad and does not have a grad_fn
   600.00ns WARNING  cocotb.regression                  test_bench.test_linear_layer failed
   600.00ns INFO     cocotb.regression                  **************************************************************************************
                                                        ** TEST                          STATUS  SIM TIME (ns)  REAL TIME (s)  RATIO (ns/s) **
                                                        **************************************************************************************
                                                        ** test_bench.test_conv2d_layer   FAIL         300.00           0.58        521.32  **
                                                        ** test_bench.test_linear_layer   FAIL         300.00           0.50        602.55  **
                                                        **************************************************************************************
                                                        ** TESTS=2 PASS=0 FAIL=2 SKIP=0                600.00           1.09        552.54  **
                                                        **************************************************************************************
- :0: Verilog $finish
make[1]: *** [/home/mohammad-khoshroo/.local/lib/python3.12/site-packages/cocotb_tools/makefiles/simulators/Makefile.verilator:70: results.xml] Error 2
make[1]: Leaving directory '/mnt/d/UT.CE/Term-06/HW4AI/HW-CA/HW10'
make: *** [/home/mohammad-khoshroo/.local/lib/python3.12/site-packages/cocotb_tools/makefiles/Makefile.inc:17: sim] Error 2
